2024-12-30 11:20:38,941 - INFO - Fetching data from NASA Exoplanet Archive...
2024-12-30 11:21:41,544 - INFO - Saved NASA exoplanet data to data/raw/nasa_exoplanets.csv
2024-12-30 11:21:41,544 - INFO - Fetching data from ESA Planetary Spectra Database...
2024-12-30 11:21:41,544 - INFO - Fetching HITRAN data for molecule 1...
2024-12-30 11:21:41,544 - INFO - Generating 100 synthetic spectra...
2024-12-30 11:21:41,550 - INFO - Saved synthetic spectra to data/raw/synthetic_spectra.npz
2024-12-30 11:24:32,800 - INFO - Fetching NASA APOD for last 10 days...
2024-12-30 11:24:41,539 - INFO - Saved NASA APOD data to data/raw/nasa_apod.json
2024-12-30 11:24:41,540 - INFO - Fetching data from NASA Exoplanet Archive...
2024-12-30 11:24:47,384 - ERROR - Error fetching NASA exoplanet data: ORA-00904: 'PL_FACILITY': invalid identifier
2024-12-30 11:24:47,384 - INFO - Fetching MAST data for target: M31
2024-12-30 11:25:46,050 - INFO - Saved MAST data to data/raw/mast_m31.csv
2024-12-30 11:25:46,050 - INFO - Fetching data from SIMBAD...
2024-12-30 11:25:46,055 - ERROR - Error fetching SIMBAD data: 'proper_motion: no such field'
2024-12-30 11:25:46,055 - INFO - Fetching data from Minor Planet Center...
2024-12-30 11:25:49,358 - ERROR - Error fetching Minor Planet data: Expecting value: line 1 column 1 (char 0)
2024-12-30 11:26:26,379 - INFO - Fetching NASA APOD for last 10 days...
2024-12-30 11:26:30,480 - INFO - Saved NASA APOD data to data/raw/nasa_apod.json
2024-12-30 11:26:30,480 - INFO - Fetching data from NASA Exoplanet Archive...
2024-12-30 11:26:36,169 - ERROR - Error fetching NASA exoplanet data: ORA-00904: 'PL_DISC': invalid identifier
2024-12-30 11:26:36,169 - INFO - Fetching MAST data for target: M31
2024-12-30 11:27:24,836 - INFO - Saved MAST data to data/raw/mast_m31.csv
2024-12-30 11:27:24,836 - INFO - Fetching data from SIMBAD...
2024-12-30 11:27:28,609 - WARNING - BlankResponseWarning: Warning: The script line number 3 raised an error (recorded in the `errors` attribute of the result table): 'maintypes='Planet' &  limit=1000': java.text.ParseException: Unknown fieldname 'limit' :  maintypes='Planet' &  limit=1000
2024-12-30 11:27:28,856 - WARNING - BlankResponseWarning: Warning: The script line number 3 raised an error (recorded in the `errors` attribute of the result table): 'maintypes='Star' &  limit=1000': java.text.ParseException: Unknown fieldname 'limit' :  maintypes='Star' &  limit=1000
2024-12-30 11:27:28,860 - INFO - Fetching data from Minor Planet Center...
2024-12-30 11:27:34,579 - INFO - Saved Minor Planet data to data/raw/minor_planets.json
2024-12-30 11:28:12,770 - INFO - Fetching NASA APOD for last 10 days...
2024-12-30 11:28:22,919 - INFO - Saved NASA APOD data to data/raw/nasa_apod.json
2024-12-30 11:28:22,920 - INFO - Fetching data from NASA Exoplanet Archive...
2024-12-30 11:28:28,515 - ERROR - Error fetching NASA exoplanet data: ORA-00904: 'PL_DISCMETHOD': invalid identifier
2024-12-30 11:28:28,516 - INFO - Fetching MAST data for target: M31
2024-12-30 11:28:58,465 - INFO - Saved MAST data to data/raw/mast_m31.csv
2024-12-30 11:28:58,465 - INFO - Fetching data from SIMBAD...
2024-12-30 11:29:59,728 - INFO - Saved SIMBAD Planet data to data/raw/simbad_planet.csv
2024-12-30 11:31:00,112 - ERROR - Error fetching SIMBAD data: HTTPSConnectionPool(host='simbad.cds.unistra.fr', port=443): Read timed out. (read timeout=60)
2024-12-30 11:31:00,113 - INFO - Fetching data from Gaia DR3...
2024-12-30 11:31:03,049 - INFO - Saved Gaia data to data/raw/gaia_nearby_stars.csv
